BAU District Heating Pollutant Emissions Summed Across Fuels
BAU Hydrogen Sector CO2e Emissions
BAU Process Emissions after CCS
BAU Total CO2e Emissions
BAU Total Pollutant Emissions by Sector
BAU Total Energy Related Emissions
BAU Value Added by ISIC Code by Year
BDEQ BAU Electricity Output from Distributed Sources
BLAPE BAU LULUCF Anthropogenic Pollutant Emissions
BPHC BAU Pumped Hydro Capacity
Building Components Energy Use
Buildings Sector Net Electricity Demand
Cargo Dist Transported by Vehicle Technology
Change in LULUCF Emissions
Change in Output from Distributed Sources
Direct Buildings Pollutant Emissions
Distributed Electricity Source Capacity
District Heat Electricity Demand
District Heating Pollutant Emissions Summed Across Fuels
Effective Heat Rate for Renewable Electricity
Electricity Generation by Type
Electricity Generation Capacity
Electricity Sector Pollutant Emissions
Flexibility Points from Battery Storage
Flexibility Points from Demand Response
Flexibility Points from Electric Vehicles
Flexibility Points from Peakers
Flexibility Points from Pumped Hydro
Flexibility Points from Transmission Across Modeled Region Border
Fraction of Industrial CCS Applied to Process Emissions
Geoengineering Sector Pollutant Emissions
Grid Battery Storage Capacity
Hydrogen Demand by Sector
Hydrogen Produced by Pathway
Hydrogen Sector Electricity Demand
Hydrogen Sector Fuel Use
Hydrogen Sector Pollutant Emissions
Industrial Fuel Use for Energy Purposes
Industrial Fuel Use for Non Energy Purposes
Industrial Sector Electricity Demand
Industrial Sector Pollutant Emissions
New Vehicles
Process Emissions after CCS
SYC Start Year Electricity Generation Capacity
SYDEC Start Year Distributed Electricity Capacity
SYVbT Start Year Vehicles by Technology
This Year Demand Response Capacity
This Year Pollutants Sequestered by Electricity Sector
This Year Pollutants Sequestered by Industry Sector
Total CO2e Emissions
Total Electricity Demand
Total Energy Related Emissions
Total Energy Use by Sector
Total Pollutant Emissions by Sector
Total Primary Energy Use
Total Primary Fuel Use by Sector
Transportation Pollutant Emissions Disaggregated
Transportation Sector Electricity Demand
Transportation Sector Fuel Used
Vehicles
